rm: cannot remove `./res/res1351692836128.txt': No such file or directory
rm: cannot remove `./res/res1351692853320.txt': No such file or directory
